// Jest Snapshot v1, https://goo.gl/fbAQLP

exports[`GroupView renders GroupView 1`] = `
<div>
  <h1
    className="ui header"
  >
    AudraDickinson
  </h1>
  <button
    className="ui button action-button"
    onClick={[Function]}
    tabIndex={undefined}
  >
    Leave Group
  </button>
  <h4
    className="ui header"
  >
    User on call:
    <a
      href="/user/58a09497b73f14c7d6d64437/"
    >
      Kelly85
    </a>
  </h4>
  <span>
    Escalation Interval: 
    <div
      className="ui teal horizontal label"
      onClick={[Function]}
    >
      10
    </div>
     minutes
  </span>
  <div
    className="ui divider"
  />
  <div
    className="ui grid"
  >
    <div
      className="seven wide computer sixteen wide mobile column"
    >
      <h3>
        Escalation Order:
      </h3>
      <a
        className="box arrow_box"
        onClick={[Function]}
      >
        Kelly85
      </a>
      <a
        className="box arrow_box"
        onClick={[Function]}
      >
        Demetrius.Hahn
      </a>
    </div>
    <div
      className="middle aligned one wide computer sixteen wide mobile column"
    />
    <div
      className="seven wide computer sixteen wide mobile column"
    >
      <h3>
        Not On Call:
      </h3>
      <a
        className="box"
        onClick={[Function]}
      >
        Seth4
      </a>
    </div>
  </div>
</div>
`;
