// Jest Snapshot v1, https://goo.gl/fbAQLP

exports[`GroupView renders GroupView 1`] = `
<div>
  <h1
    className="ui header"
  >
    AudraDickinson
  </h1>
  <button
    className="ui button action-button"
    onClick={[Function]}
    tabIndex={undefined}
  >
    Leave Group
  </button>
  <h4
    className="ui header"
  >
    User on call: 
    <a
      href="/user/58a09497b73f14c7d6d64437/"
    >
      Kelly85
    </a>
  </h4>
  <span>
    Escalation Interval: 
    <div
      className="ui teal horizontal label"
      onClick={[Function]}
    >
      10
    </div>
     minutes
  </span>
  <div
    className="ui divider"
  />
  <div
    className="ui grid"
  >
    <div
      className="five wide computer sixteen wide mobile column"
    >
      <h3>
        Escalation Order:
      </h3>
      <a
        className="box arrow_box"
        onClick={[Function]}
      >
        Kelly85
      </a>
      <a
        className="box arrow_box"
        onClick={[Function]}
      >
        Demetrius.Hahn
      </a>
    </div>
    <div
      className="middle aligned one wide computer sixteen wide mobile column"
    >
      <button
        className="ui mini disabled button move-btn"
        onClick={[Function]}
        tabIndex={undefined}
      >
        <i
          className="chevron left icon"
        />
      </button>
      <button
        className="ui mini disabled button move-btn"
        onClick={[Function]}
        tabIndex={undefined}
      >
        <i
          className="chevron right icon"
        />
      </button>
    </div>
    <div
      className="five wide computer sixteen wide mobile column"
    >
      <h3>
        Not On Call:
      </h3>
      <a
        className="box"
        onClick={[Function]}
      >
        Seth4
      </a>
    </div>
  </div>
  <div>
    <table
      className="ui celled striped structured table"
    >
      <thead
        className=""
      >
        <tr
          className=""
        >
          <th
            className=""
          >
            Ticket
          </th>
          <th
            className=""
          >
            Action
          </th>
          <th
            className=""
          >
            Time of Action
          </th>
          <th
            className=""
          >
            User
          </th>
          <th
            className=""
          >
            Device
          </th>
        </tr>
      </thead>
      <tbody
        className=""
      >
        <tr
          className=""
        >
          <td
            className=""
            rowSpan={5}
          >
            fake title
          </td>
          <td
            className=""
          >
            Created
          </td>
          <td
            className=""
          >
            Mockday 2017-03-04T23:11:01.466Z GMT-0500 (MockDate)
          </td>
          <td
            className=""
          >
            <span>
              No one
            </span>
          </td>
          <td
            className=""
          />
        </tr>
        <tr
          className=""
        >
          <td
            className=""
          >
            Page Sent
          </td>
          <td
            className=""
          >
            Mockday 2017-03-04T23:11:01.504Z GMT-0500 (MockDate)
          </td>
          <td
            className=""
          >
            <span>
              No one
            </span>
          </td>
          <td
            className=""
          >
            phone
          </td>
        </tr>
        <tr
          className=""
        >
          <td
            className=""
          >
            Page Sent
          </td>
          <td
            className=""
          >
            Mockday 2017-03-04T23:12:01.914Z GMT-0500 (MockDate)
          </td>
          <td
            className=""
          >
            <span>
              No one
            </span>
          </td>
          <td
            className=""
          >
            email
          </td>
        </tr>
        <tr
          className=""
        >
          <td
            className=""
          >
            Page Sent
          </td>
          <td
            className=""
          >
            Mockday 2017-03-04T23:21:02.519Z GMT-0500 (MockDate)
          </td>
          <td
            className=""
          >
            <span>
              No one
            </span>
          </td>
          <td
            className=""
          >
            phone
          </td>
        </tr>
        <tr
          className=""
        >
          <td
            className=""
          >
            Page Sent
          </td>
          <td
            className=""
          >
            Mockday 2017-03-04T23:22:01.881Z GMT-0500 (MockDate)
          </td>
          <td
            className=""
          >
            <span>
              No one
            </span>
          </td>
          <td
            className=""
          >
            email
          </td>
        </tr>
      </tbody>
    </table>
  </div>
</div>
`;
